// Vitest Snapshot v1, https://vitest.dev/guide/snapshot.html

exports[`ProductMappings > renders empty state and matches snapshot 1`] = `
<div>
  <div
    class="space-y-6"
  >
    <div
      class="rounded-lg border bg-card text-card-foreground shadow-sm "
    >
      <div
        class="flex flex-col space-y-1.5 p-6 "
      >
        <h3
          class="text-2xl font-semibold leading-none tracking-tight "
        >
          Product Mappings
        </h3>
      </div>
      <div
        class="p-6 pt-0 "
      >
        <div
          class="flex flex-col sm:flex-row gap-4 mb-6"
        >
          <div
            class="flex-1"
          >
            <div
              class="relative"
            >
              <svg
                class="lucide lucide-search absolute left-3 top-3 h-4 w-4 text-gray-400"
                fill="none"
                height="24"
                stroke="currentColor"
                stroke-linecap="round"
                stroke-linejoin="round"
                stroke-width="2"
                viewBox="0 0 24 24"
                width="24"
                xmlns="http://www.w3.org/2000/svg"
              >
                <circle
                  cx="11"
                  cy="11"
                  r="8"
                />
                <path
                  d="m21 21-4.3-4.3"
                />
              </svg>
              <input
                aria-label="Search mappings"
                class="flex h-10 w-full rounded-md border border-input bg-background px-3 py-2 text-sm ring-offset-background file:border-0 file:bg-transparent file:text-sm file:font-medium placeholder:text-muted-foreground focus-visible:outline-none focus-visible:ring-2 focus-visible:ring-ring focus-visible:ring-offset-2 disabled:cursor-not-allowed disabled:opacity-50 pl-10"
                placeholder="Search mappings..."
                value=""
              />
            </div>
          </div>
          <div
            class="relative"
          >
            <button
              aria-label="Filter by channel"
              class="flex h-10 w-full items-center justify-between rounded-md border border-input bg-background px-3 py-2 text-sm ring-offset-background placeholder:text-muted-foreground focus:outline-none focus:ring-2 focus:ring-ring focus:ring-offset-2 disabled:cursor-not-allowed disabled:opacity-50 w-full sm:w-48"
              type="button"
            >
              <svg
                aria-hidden="true"
                class="lucide lucide-filter w-4 h-4 mr-2"
                fill="none"
                height="24"
                stroke="currentColor"
                stroke-linecap="round"
                stroke-linejoin="round"
                stroke-width="2"
                viewBox="0 0 24 24"
                width="24"
                xmlns="http://www.w3.org/2000/svg"
              >
                <polygon
                  points="22 3 2 3 10 12.46 10 19 14 21 14 12.46 22 3"
                />
              </svg>
              <span
                class="truncate "
              >
                all
              </span>
              <svg
                class="lucide lucide-chevron-down h-4 w-4 opacity-50"
                fill="none"
                height="24"
                stroke="currentColor"
                stroke-linecap="round"
                stroke-linejoin="round"
                stroke-width="2"
                viewBox="0 0 24 24"
                width="24"
                xmlns="http://www.w3.org/2000/svg"
              >
                <path
                  d="m6 9 6 6 6-6"
                />
              </svg>
            </button>
          </div>
        </div>
        <div
          class="relative w-full overflow-auto"
        >
          <table
            class="w-full caption-bottom text-sm "
          >
            <thead
              class="[&_tr]:border-b "
            >
              <tr
                class="border-b transition-colors hover:bg-muted/50 data-[state=selected]:bg-muted "
              >
                <th
                  class="h-12 px-4 text-left align-middle font-medium text-muted-foreground [&:has([role=checkbox])]:pr-0 "
                >
                  Local Product
                </th>
                <th
                  class="h-12 px-4 text-left align-middle font-medium text-muted-foreground [&:has([role=checkbox])]:pr-0 "
                >
                  Channel
                </th>
                <th
                  class="h-12 px-4 text-left align-middle font-medium text-muted-foreground [&:has([role=checkbox])]:pr-0 "
                >
                  Channel Product
                </th>
                <th
                  class="h-12 px-4 text-left align-middle font-medium text-muted-foreground [&:has([role=checkbox])]:pr-0 "
                >
                  Channel SKU
                </th>
                <th
                  class="h-12 px-4 text-left align-middle font-medium text-muted-foreground [&:has([role=checkbox])]:pr-0 "
                >
                  Channel Price
                </th>
                <th
                  class="h-12 px-4 text-left align-middle font-medium text-muted-foreground [&:has([role=checkbox])]:pr-0 "
                >
                  Sync Status
                </th>
                <th
                  class="h-12 px-4 text-left align-middle font-medium text-muted-foreground [&:has([role=checkbox])]:pr-0 "
                >
                  Last Sync
                </th>
                <th
                  class="h-12 px-4 text-left align-middle font-medium text-muted-foreground [&:has([role=checkbox])]:pr-0 "
                >
                  Actions
                </th>
              </tr>
            </thead>
            <tbody
              class="[&_tr:last-child]:border-0 "
            />
          </table>
        </div>
        <div
          class="text-center py-8 text-gray-500"
        >
          <svg
            class="lucide lucide-link w-12 h-12 mx-auto mb-4 text-gray-300"
            fill="none"
            height="24"
            stroke="currentColor"
            stroke-linecap="round"
            stroke-linejoin="round"
            stroke-width="2"
            viewBox="0 0 24 24"
            width="24"
            xmlns="http://www.w3.org/2000/svg"
          >
            <path
              d="M10 13a5 5 0 0 0 7.54.54l3-3a5 5 0 0 0-7.07-7.07l-1.72 1.71"
            />
            <path
              d="M14 11a5 5 0 0 0-7.54-.54l-3 3a5 5 0 0 0 7.07 7.07l1.71-1.71"
            />
          </svg>
          <p>
            No product mappings found
          </p>
          <p
            class="text-sm"
          >
            Map your products to sales channels to start selling
          </p>
        </div>
      </div>
    </div>
  </div>
</div>
`;
